// Jest Snapshot v1, https://goo.gl/fbAQLP

exports[`ShoppingListeItem tests renders UI without props as expected 1`] = `
<div
  className="list-item"
>
  <p
    style={
      Object {
        "textDecoration": null,
      }
    }
  />
  <div
    className="item-buttons"
  >
    <button
      className="delete"
    >
      Delete
    </button>
    <button
      className="check"
    >
      Check
    </button>
  </div>
</div>
`;
